#-----------------------------------------------------------
# Vivado v2024.1.1 (64-bit)
# SW Build 5094488 on Fri Jun 14 08:59:21 MDT 2024
# IP Build 5091682 on Fri Jun 14 16:55:04 MDT 2024
# SharedData Build 5094118 on Fri Jun 14 01:09:43 MDT 2024
# Start of session at: Tue Sep 10 11:30:49 2024
# Process ID: 8616
# Current directory: C:/Facultad/Arquitectura de Computadoras/Trabajos Prácticos/Tp1/Lab1-ALU-Arquitectura2024/ALU/ALU.runs/synth_1
# Command line: vivado.exe -log ALU.vds -product Vivado -mode batch -messageDb vivado.pb -notrace -source ALU.tcl
# Log file: C:/Facultad/Arquitectura de Computadoras/Trabajos Prácticos/Tp1/Lab1-ALU-Arquitectura2024/ALU/ALU.runs/synth_1/ALU.vds
# Journal file: C:/Facultad/Arquitectura de Computadoras/Trabajos Prácticos/Tp1/Lab1-ALU-Arquitectura2024/ALU/ALU.runs/synth_1\vivado.jou
# Running On        :Santiago
# Platform          :Windows Server 2016 or Windows 10
# Operating System  :22631
# Processor Detail  :11th Gen Intel(R) Core(TM) i3-1115G4 @ 3.00GHz
# CPU Frequency     :2995 MHz
# CPU Physical cores:2
# CPU Logical cores :4
# Host memory       :8320 MB
# Swap memory       :2870 MB
# Total Virtual     :11190 MB
# Available Virtual :1990 MB
#-----------------------------------------------------------
source ALU.tcl -notrace
